메인 메뉴로 바로가기
본문으로 바로가기
마이페이지
주요메뉴보기
 
장바구니
현재 서비스 접속이 불가합니다.

동시에 접속하는 이용자 수가 많거나 인터넷 네트워크 상태가 불안정하여 접속이 불가합니다.
이용에 불편을 드린 점 진심으로 사과 드리며, 잠시 후 다시 접속해 주시기 바랍니다.
관련 문의사항은 고객센터에 문의해주시면 친절히 안내해드리겠습니다.

이전 페이지로 가기 새로고침
네이버페이 이용약관|
전자금융거래 이용약관|
개인정보처리방침|
책임의 한계와 법적고지|
청소년보호정책|
지식재산권신고센터|
안전거래 가이드|
쇼핑&페이 고객센터
네이버㈜
사업자등록번호 220-81-62517|통신판매업신고번호 2006-경기성남-0692호
대표이사 최수연|경기도 성남시 분당구 정자일로 95, NAVER 1784, 13561
전화 1588-3819|팩스 033-816-5300| 사업자등록정보 확인
고객센터
페이&쇼핑 구매자 고객센터 1588-3819전화전클릭
쇼핑 판매자 고객센터 1599-1598전화전클릭
팩스 033-816-5300
결제도용신고 1588-3816
이메일 helpcustomer@naver.com
전자금융거래 분쟁처리
전화 1588-3819|팩스 033-816-5300
이메일 helpcustomer@naver.com

네이버㈜는 결제정보의 중개서비스 또는 통신판매중개시스템의 제공자로서, 통신판매의 당사자가 아니며, 상품의 주문, 배송 및 환불 등과 관련한 의무와 책임은 각 판매자에게 있습니다.

NAVER
 Copyright © NAVER Corp. All Rights Reserved.